Archive member included because of file (symbol)

c:/program files (x86)/emblocks/2.30/share/em_armgcc/bin/../lib/gcc/arm-none-eabi/4.7.3/armv6-m\libgcc.a(_udivsi3.o)
                              obj\debug\spl\src\stm32f0xx_rcc.o (__aeabi_uidiv)
c:/program files (x86)/emblocks/2.30/share/em_armgcc/bin/../lib/gcc/arm-none-eabi/4.7.3/armv6-m\libgcc.a(_dvmd_tls.o)
                              c:/program files (x86)/emblocks/2.30/share/em_armgcc/bin/../lib/gcc/arm-none-eabi/4.7.3/armv6-m\libgcc.a(_udivsi3.o) (__aeabi_idiv0)
c:/program files (x86)/emblocks/2.30/share/em_armgcc/bin/../lib/gcc/arm-none-eabi/4.7.3/../../../../arm-none-eabi/lib/armv6-m\libc_n.a(lib_a-exit.o)
                              c:/program files (x86)/emblocks/2.30/share/em_armgcc/bin/../lib/gcc/arm-none-eabi/4.7.3/../../../../arm-none-eabi/lib/armv6-m/crt0.o (exit)
c:/program files (x86)/emblocks/2.30/share/em_armgcc/bin/../lib/gcc/arm-none-eabi/4.7.3/../../../../arm-none-eabi/lib/armv6-m\libc_n.a(lib_a-impure.o)
                              c:/program files (x86)/emblocks/2.30/share/em_armgcc/bin/../lib/gcc/arm-none-eabi/4.7.3/../../../../arm-none-eabi/lib/armv6-m\libc_n.a(lib_a-exit.o) (_global_impure_ptr)
c:/program files (x86)/emblocks/2.30/share/em_armgcc/bin/../lib/gcc/arm-none-eabi/4.7.3/../../../../arm-none-eabi/lib/armv6-m\libc_n.a(lib_a-init.o)
                              c:/program files (x86)/emblocks/2.30/share/em_armgcc/bin/../lib/gcc/arm-none-eabi/4.7.3/../../../../arm-none-eabi/lib/armv6-m/crt0.o (__libc_init_array)
c:/program files (x86)/emblocks/2.30/share/em_armgcc/bin/../lib/gcc/arm-none-eabi/4.7.3/../../../../arm-none-eabi/lib/armv6-m\libc_n.a(lib_a-memset.o)
                              c:/program files (x86)/emblocks/2.30/share/em_armgcc/bin/../lib/gcc/arm-none-eabi/4.7.3/../../../../arm-none-eabi/lib/armv6-m/crt0.o (memset)
c:/program files (x86)/emblocks/2.30/share/em_armgcc/bin/../lib/gcc/arm-none-eabi/4.7.3/../../../../arm-none-eabi/lib/armv6-m\libnosys.a(_exit.o)
                              c:/program files (x86)/emblocks/2.30/share/em_armgcc/bin/../lib/gcc/arm-none-eabi/4.7.3/../../../../arm-none-eabi/lib/armv6-m\libc_n.a(lib_a-exit.o) (_exit)

Discarded input sections

 .text          0x00000000        0x0 c:/program files (x86)/emblocks/2.30/share/em_armgcc/bin/../lib/gcc/arm-none-eabi/4.7.3/armv6-m/crti.o
 .data          0x00000000        0x0 c:/program files (x86)/emblocks/2.30/share/em_armgcc/bin/../lib/gcc/arm-none-eabi/4.7.3/armv6-m/crti.o
 .bss           0x00000000        0x0 c:/program files (x86)/emblocks/2.30/share/em_armgcc/bin/../lib/gcc/arm-none-eabi/4.7.3/armv6-m/crti.o
 .data          0x00000000        0x4 c:/program files (x86)/emblocks/2.30/share/em_armgcc/bin/../lib/gcc/arm-none-eabi/4.7.3/armv6-m/crtbegin.o
 .data          0x00000000        0x0 c:/program files (x86)/emblocks/2.30/share/em_armgcc/bin/../lib/gcc/arm-none-eabi/4.7.3/../../../../arm-none-eabi/lib/armv6-m/crt0.o
 .bss           0x00000000        0x0 c:/program files (x86)/emblocks/2.30/share/em_armgcc/bin/../lib/gcc/arm-none-eabi/4.7.3/../../../../arm-none-eabi/lib/armv6-m/crt0.o
 .ARM.extab     0x00000000        0x0 c:/program files (x86)/emblocks/2.30/share/em_armgcc/bin/../lib/gcc/arm-none-eabi/4.7.3/../../../../arm-none-eabi/lib/armv6-m/crt0.o
 .group         0x00000000        0x8 obj\debug\spl\src\stm32f0xx_adc.o
 .group         0x00000000        0x8 obj\debug\spl\src\stm32f0xx_adc.o
 .group         0x00000000        0x8 obj\debug\spl\src\stm32f0xx_adc.o
 .group         0x00000000        0x8 obj\debug\spl\src\stm32f0xx_adc.o
 .group         0x00000000        0x8 obj\debug\spl\src\stm32f0xx_adc.o
 .group         0x00000000        0x8 obj\debug\spl\src\stm32f0xx_adc.o
 .group         0x00000000        0x8 obj\debug\spl\src\stm32f0xx_adc.o
 .group         0x00000000        0x8 obj\debug\spl\src\stm32f0xx_adc.o
 .group         0x00000000        0x8 obj\debug\spl\src\stm32f0xx_adc.o
 .group         0x00000000        0x8 obj\debug\spl\src\stm32f0xx_adc.o
 .group         0x00000000        0x8 obj\debug\spl\src\stm32f0xx_adc.o
 .group         0x00000000        0x8 obj\debug\spl\src\stm32f0xx_adc.o
 .group         0x00000000        0x8 obj\debug\spl\src\stm32f0xx_adc.o
 .group         0x00000000        0x8 obj\debug\spl\src\stm32f0xx_adc.o
 .group         0x00000000        0x8 obj\debug\spl\src\stm32f0xx_adc.o
 .group         0x00000000        0x8 obj\debug\spl\src\stm32f0xx_adc.o
 .group         0x00000000        0x8 obj\debug\spl\src\stm32f0xx_adc.o
 .group         0x00000000        0x8 obj\debug\spl\src\stm32f0xx_adc.o
 .group         0x00000000        0x8 obj\debug\spl\src\stm32f0xx_adc.o
 .group         0x00000000        0x8 obj\debug\spl\src\stm32f0xx_adc.o
 .group         0x00000000        0x8 obj\debug\spl\src\stm32f0xx_adc.o
 .group         0x00000000        0x8 obj\debug\spl\src\stm32f0xx_adc.o
 .group         0x00000000        0x8 obj\debug\spl\src\stm32f0xx_adc.o
[...]
Memory Configuration

Name             Origin             Length             Attributes
ROM              0x08000000         0x00008000         xr
RAM              0x20000000         0x00001800         xrw
*default*        0x00000000         0xffffffff

Linker script and memory map

LOAD c:/program files (x86)/emblocks/2.30/share/em_armgcc/bin/../lib/gcc/arm-none-eabi/4.7.3/armv6-m/crti.o
LOAD c:/program files (x86)/emblocks/2.30/share/em_armgcc/bin/../lib/gcc/arm-none-eabi/4.7.3/armv6-m/crtbegin.o
LOAD c:/program files (x86)/emblocks/2.30/share/em_armgcc/bin/../lib/gcc/arm-none-eabi/4.7.3/../../../../arm-none-eabi/lib/armv6-m/crt0.o
                0x00000000                __HEAP_SIZE = 0x0
                0x00000100                __STACK_SIZE = 0x100

.text           0x08000000      0x6e4
 *(.isr_vector)
 .isr_vector    0x08000000       0xc4 obj\debug\src\startup_stm32f0xx.o
                0x08000000                __isr_vector
 *(.text*)
 .text          0x080000c4       0x60 c:/program files (x86)/emblocks/2.30/share/em_armgcc/bin/../lib/gcc/arm-none-eabi/4.7.3/armv6-m/crtbegin.o
 .text          0x08000124       0x78 c:/program files (x86)/emblocks/2.30/share/em_armgcc/bin/../lib/gcc/arm-none-eabi/4.7.3/../../../../arm-none-eabi/lib/armv6-m/crt0.o
                0x08000124                _start
                0x08000124                _mainCRTStartup
 .text.GPIO_Init
                0x0800019c      0x138 obj\debug\spl\src\stm32f0xx_gpio.o
                0x0800019c                GPIO_Init
 .text.GPIO_SetBits
                0x080002d4       0x1c obj\debug\spl\src\stm32f0xx_gpio.o
                0x080002d4                GPIO_SetBits
 .text.GPIO_ResetBits
                0x080002f0       0x1c obj\debug\spl\src\stm32f0xx_gpio.o
                0x080002f0                GPIO_ResetBits
 .text.RCC_AHBPeriphClockCmd
                0x0800030c       0x3c obj\debug\spl\src\stm32f0xx_rcc.o
                0x0800030c                RCC_AHBPeriphClockCmd
 .text.delay    0x08000348       0x24 obj\debug\src\main.o
                0x08000348                delay
 .text.main     0x0800036c       0xb8 obj\debug\src\main.o
                0x0800036c                main
 .text          0x08000424       0xa0 obj\debug\src\startup_stm32f0xx.o
                0x08000424                Reset_Handler
                0x0800046e                NMI_Handler
                0x08000470                HardFault_Handler
                0x08000472                SVC_Handler
                0x08000474                PendSV_Handler
                0x08000476                SysTick_Handler
                0x08000478                Default_Handler
                0x0800047a                WWDG_IRQHandler
                0x0800047c                PVD_IRQHandler
                0x0800047e                RTC_IRQHandler
                0x08000480                FLASH_IRQHandler
                0x08000482                RCC_IRQHandler
                0x08000484                EXTI0_1_IRQHandler
                0x08000486                EXTI2_3_IRQHandler
                0x08000488                EXTI4_15_IRQHandler
                0x0800048a                TS_IRQHandler
                0x0800048c                DMA1_Channel1_IRQHandler
                0x0800048e                DMA1_Channel2_3_IRQHandler
                0x08000490                DMA1_Channel4_5_IRQHandler
                0x08000492                ADC1_COMP_IRQHandler
                0x08000494                TIM1_BRK_UP_TRG_COM_IRQHandler
                0x08000496                TIM1_CC_IRQHandler
                0x08000498                TIM2_IRQHandler
                0x0800049a                TIM3_IRQHandler
                0x0800049c                TIM6_DAC_IRQHandler
                0x0800049e                TIM7_IRQHandler
                0x080004a0                TIM14_IRQHandler
                0x080004a2                TIM15_IRQHandler
                0x080004a4                TIM16_IRQHandler
                0x080004a6                TIM17_IRQHandler
                0x080004a8                I2C1_IRQHandler
                0x080004aa                I2C2_IRQHandler
                0x080004ac                SPI1_IRQHandler
                0x080004ae                SPI2_IRQHandler
                0x080004b0                USART1_IRQHandler
                0x080004b2                USART2_IRQHandler
                0x080004b4                USART3_4_IRQHandler
                0x080004b6                CEC_IRQHandler
                0x080004b8                USB_IRQHandler
                0x080004ba                BootRAM
 .text.SystemInit
                0x080004c4       0x8c obj\debug\src\system_stm32f0xx.o
                0x080004c4                SystemInit
 .text.SetSysClock
                0x08000550       0xe0 obj\debug\src\system_stm32f0xx.o
 .text.exit     0x08000630       0x2c c:/program files (x86)/emblocks/2.30/share/em_armgcc/bin/../lib/gcc/arm-none-eabi/4.7.3/../../../../arm-none-eabi/lib/armv6-m\libc_n.a(lib_a-exit.o)
                0x08000630                exit
 .text.__libc_init_array
                0x0800065c       0x4c c:/program files (x86)/emblocks/2.30/share/em_armgcc/bin/../lib/gcc/arm-none-eabi/4.7.3/../../../../arm-none-eabi/lib/armv6-m\libc_n.a(lib_a-init.o)
                0x0800065c                __libc_init_array
 .text.memset   0x080006a8       0x12 c:/program files (x86)/emblocks/2.30/share/em_armgcc/bin/../lib/gcc/arm-none-eabi/4.7.3/../../../../arm-none-eabi/lib/armv6-m\libc_n.a(lib_a-memset.o)
                0x080006a8                memset
 *fill*         0x080006ba        0x2 
 .text._exit    0x080006bc        0x4 c:/program files (x86)/emblocks/2.30/share/em_armgcc/bin/../lib/gcc/arm-none-eabi/4.7.3/../../../../arm-none-eabi/lib/armv6-m\libnosys.a(_exit.o)
                0x080006bc                _exit
 *(.init)
 .init          0x080006c0        0x4 c:/program files (x86)/emblocks/2.30/share/em_armgcc/bin/../lib/gcc/arm-none-eabi/4.7.3/armv6-m/crti.o
                0x080006c0                _init
 .init          0x080006c4        0x8 c:/program files (x86)/emblocks/2.30/share/em_armgcc/bin/../lib/gcc/arm-none-eabi/4.7.3/armv6-m/crtn.o
 *(.fini)
 .fini          0x080006cc        0x4 c:/program files (x86)/emblocks/2.30/share/em_armgcc/bin/../lib/gcc/arm-none-eabi/4.7.3/armv6-m/crti.o
                0x080006cc                _fini
 .fini          0x080006d0        0x8 c:/program files (x86)/emblocks/2.30/share/em_armgcc/bin/../lib/gcc/arm-none-eabi/4.7.3/armv6-m/crtn.o
 *crtbegin.o(.ctors)
 *crtbegin?.o(.ctors)
 *(EXCLUDE_FILE(*crtend.o *crtend?.o) .ctors)
 *(SORT(.ctors.*))
 *(.ctors)
 *crtbegin.o(.dtors)
 *crtbegin?.o(.dtors)
 *(EXCLUDE_FILE(*crtend.o *crtend?.o) .dtors)
 *(SORT(.dtors.*))
 *(.dtors)
 *(.rodata*)
 .rodata.str1.1
                0x080006d8        0x2 c:/program files (x86)/emblocks/2.30/share/em_armgcc/bin/../lib/gcc/arm-none-eabi/4.7.3/../../../../arm-none-eabi/lib/armv6-m\libc_n.a(lib_a-impure.o)
 *fill*         0x080006da        0x2 
 .rodata._global_impure_ptr
                0x080006dc        0x4 c:/program files (x86)/emblocks/2.30/share/em_armgcc/bin/../lib/gcc/arm-none-eabi/4.7.3/../../../../arm-none-eabi/lib/armv6-m\libc_n.a(lib_a-impure.o)
                0x080006dc                _global_impure_ptr
 *(.eh_frame*)
 .eh_frame      0x080006e0        0x0 c:/program files (x86)/emblocks/2.30/share/em_armgcc/bin/../lib/gcc/arm-none-eabi/4.7.3/armv6-m/crtbegin.o
 .eh_frame      0x080006e0        0x4 c:/program files (x86)/emblocks/2.30/share/em_armgcc/bin/../lib/gcc/arm-none-eabi/4.7.3/armv6-m/crtend.o

.glue_7         0x080006e4        0x0
 .glue_7        0x00000000        0x0 linker stubs

.glue_7t        0x080006e4        0x0
 .glue_7t       0x00000000        0x0 linker stubs

.vfp11_veneer   0x080006e4        0x0
 .vfp11_veneer  0x00000000        0x0 linker stubs

.v4_bx          0x080006e4        0x0
 .v4_bx         0x00000000        0x0 linker stubs

.iplt           0x080006e4        0x0
 .iplt          0x00000000        0x0 c:/program files (x86)/emblocks/2.30/share/em_armgcc/bin/../lib/gcc/arm-none-eabi/4.7.3/armv6-m/crtbegin.o

.ARM.extab
 *(.ARM.extab* .gnu.linkonce.armextab.*)
                0x080006e4                __exidx_start = .

.ARM.exidx      0x080006e4        0x8
 *(.ARM.exidx* .gnu.linkonce.armexidx.*)
 .ARM.exidx     0x080006e4        0x8 c:/program files (x86)/emblocks/2.30/share/em_armgcc/bin/../lib/gcc/arm-none-eabi/4.7.3/../../../../arm-none-eabi/lib/armv6-m/crt0.o
                0x080006ec                __exidx_end = .
                0x080006ec                __etext = .

.rel.dyn        0x080006ec        0x0
 .rel.iplt      0x00000000        0x0 c:/program files (x86)/emblocks/2.30/share/em_armgcc/bin/../lib/gcc/arm-none-eabi/4.7.3/armv6-m/crtbegin.o

.data           0x20000000       0x68 load address 0x080006ec
                0x20000000                __data_start__ = .
 *(vtable)
 *(.data*)
 .data.impure_data
                0x20000000       0x60 c:/program files (x86)/emblocks/2.30/share/em_armgcc/bin/../lib/gcc/arm-none-eabi/4.7.3/../../../../arm-none-eabi/lib/armv6-m\libc_n.a(lib_a-impure.o)
                0x20000060                . = ALIGN (0x4)
                0x20000060                PROVIDE (__preinit_array_start, .)
 *(.preinit_array)
                0x20000060                PROVIDE (__preinit_array_end, .)
                0x20000060                . = ALIGN (0x4)
                0x20000060                PROVIDE (__init_array_start, .)
 *(SORT(.init_array.*))
 *(.init_array)
 .init_array    0x20000060        0x4 c:/program files (x86)/emblocks/2.30/share/em_armgcc/bin/../lib/gcc/arm-none-eabi/4.7.3/armv6-m/crtbegin.o
                0x20000064                PROVIDE (__init_array_end, .)
                0x20000064                . = ALIGN (0x4)
                0x20000064                PROVIDE (__fini_array_start, .)
 *(SORT(.fini_array.*))
 *(.fini_array)
 .fini_array    0x20000064        0x4 c:/program files (x86)/emblocks/2.30/share/em_armgcc/bin/../lib/gcc/arm-none-eabi/4.7.3/armv6-m/crtbegin.o
                0x20000068                PROVIDE (__fini_array_end, .)
                0x20000068                . = ALIGN (0x4)
                0x20000068                __data_end__ = .

.jcr            0x20000068        0x0 load address 0x08000754
 .jcr           0x20000068        0x0 c:/program files (x86)/emblocks/2.30/share/em_armgcc/bin/../lib/gcc/arm-none-eabi/4.7.3/armv6-m/crtbegin.o

.igot.plt       0x20000068        0x0 load address 0x08000754
 .igot.plt      0x00000000        0x0 c:/program files (x86)/emblocks/2.30/share/em_armgcc/bin/../lib/gcc/arm-none-eabi/4.7.3/armv6-m/crtbegin.o

.bss            0x20000068       0x1c load address 0x08000754
                0x20000068                __bss_start__ = .
 *(.bss*)
 .bss           0x20000068       0x1c c:/program files (x86)/emblocks/2.30/share/em_armgcc/bin/../lib/gcc/arm-none-eabi/4.7.3/armv6-m/crtbegin.o
 *(COMMON)
                0x20000084                __bss_end__ = .

.heap           0x20000088        0x0
                0x20000088                __end__ = .
                0x20000088                end = __end__
 *(.heap*)
 .heap          0x20000088        0x0 obj\debug\src\startup_stm32f0xx.o
                0x20000088                __HeapLimit = .

.stack_dummy    0x20000088      0x100
 *(.stack)
 .stack         0x20000088      0x100 obj\debug\src\startup_stm32f0xx.o
                0x20001800                __StackTop = (ORIGIN (RAM) + 0x1800)
                0x20001700                __StackLimit = (__StackTop - SIZEOF (.stack_dummy))
                0x20001800                PROVIDE (__stack, __StackTop)
                0x00000001                ASSERT ((__StackLimit >= __HeapLimit), region RAM overflowed with stack)
LOAD obj\debug\spl\src\stm32f0xx_adc.o
LOAD obj\debug\spl\src\stm32f0xx_can.o
LOAD obj\debug\spl\src\stm32f0xx_cec.o
LOAD obj\debug\spl\src\stm32f0xx_comp.o
LOAD obj\debug\spl\src\stm32f0xx_crc.o
LOAD obj\debug\spl\src\stm32f0xx_crs.o
LOAD obj\debug\spl\src\stm32f0xx_dac.o
LOAD obj\debug\spl\src\stm32f0xx_dbgmcu.o
LOAD obj\debug\spl\src\stm32f0xx_dma.o
LOAD obj\debug\spl\src\stm32f0xx_exti.o
LOAD obj\debug\spl\src\stm32f0xx_flash.o
LOAD obj\debug\spl\src\stm32f0xx_gpio.o
LOAD obj\debug\spl\src\stm32f0xx_i2c.o
LOAD obj\debug\spl\src\stm32f0xx_iwdg.o
LOAD obj\debug\spl\src\stm32f0xx_misc.o
LOAD obj\debug\spl\src\stm32f0xx_pwr.o
LOAD obj\debug\spl\src\stm32f0xx_rcc.o
LOAD obj\debug\spl\src\stm32f0xx_rtc.o
LOAD obj\debug\spl\src\stm32f0xx_spi.o
LOAD obj\debug\spl\src\stm32f0xx_syscfg.o
LOAD obj\debug\spl\src\stm32f0xx_tim.o
LOAD obj\debug\spl\src\stm32f0xx_usart.o
LOAD obj\debug\spl\src\stm32f0xx_wwdg.o
LOAD obj\debug\src\main.o
LOAD obj\debug\src\startup_stm32f0xx.o
LOAD obj\debug\src\system_stm32f0xx.o
START GROUP
LOAD c:/program files (x86)/emblocks/2.30/share/em_armgcc/bin/../lib/gcc/arm-none-eabi/4.7.3/armv6-m\libgcc.a
LOAD c:/program files (x86)/emblocks/2.30/share/em_armgcc/bin/../lib/gcc/arm-none-eabi/4.7.3/../../../../arm-none-eabi/lib/armv6-m\libc_n.a
LOAD c:/program files (x86)/emblocks/2.30/share/em_armgcc/bin/../lib/gcc/arm-none-eabi/4.7.3/../../../../arm-none-eabi/lib/armv6-m\libg_n.a
LOAD c:/program files (x86)/emblocks/2.30/share/em_armgcc/bin/../lib/gcc/arm-none-eabi/4.7.3/../../../../arm-none-eabi/lib/armv6-m\libnosys.a
END GROUP
LOAD c:/program files (x86)/emblocks/2.30/share/em_armgcc/bin/../lib/gcc/arm-none-eabi/4.7.3/armv6-m/crtend.o
LOAD c:/program files (x86)/emblocks/2.30/share/em_armgcc/bin/../lib/gcc/arm-none-eabi/4.7.3/armv6-m/crtn.o
OUTPUT(bin\Debug\node.elf elf32-littlearm)

.ARM.attributes
                0x00000000       0x28
 .ARM.attributes
                0x00000000       0x1e c:/program files (x86)/emblocks/2.30/share/em_armgcc/bin/../lib/gcc/arm-none-eabi/4.7.3/armv6-m/crti.o
 .ARM.attributes
                0x0000001e       0x2c c:/program files (x86)/emblocks/2.30/share/em_armgcc/bin/../lib/gcc/arm-none-eabi/4.7.3/armv6-m/crtbegin.o
 .ARM.attributes
                0x0000004a       0x1b c:/program files (x86)/emblocks/2.30/share/em_armgcc/bin/../lib/gcc/arm-none-eabi/4.7.3/../../../../arm-none-eabi/lib/armv6-m/crt0.o
 .ARM.attributes
                0x00000065       0x31 obj\debug\spl\src\stm32f0xx_gpio.o
 .ARM.attributes
                0x00000096       0x31 obj\debug\spl\src\stm32f0xx_rcc.o
 .ARM.attributes
                0x000000c7       0x31 obj\debug\src\main.o
 .ARM.attributes
                0x000000f8       0x1b obj\debug\src\startup_stm32f0xx.o
 .ARM.attributes
                0x00000113       0x31 obj\debug\src\system_stm32f0xx.o
 .ARM.attributes
                0x00000144       0x2c c:/program files (x86)/emblocks/2.30/share/em_armgcc/bin/../lib/gcc/arm-none-eabi/4.7.3/../../../../arm-none-eabi/lib/armv6-m\libc_n.a(lib_a-exit.o)
 .ARM.attributes
                0x00000170       0x2c c:/program files (x86)/emblocks/2.30/share/em_armgcc/bin/../lib/gcc/arm-none-eabi/4.7.3/../../../../arm-none-eabi/lib/armv6-m\libc_n.a(lib_a-impure.o)
 .ARM.attributes
                0x0000019c       0x2c c:/program files (x86)/emblocks/2.30/share/em_armgcc/bin/../lib/gcc/arm-none-eabi/4.7.3/../../../../arm-none-eabi/lib/armv6-m\libc_n.a(lib_a-init.o)
 .ARM.attributes
                0x000001c8       0x2c c:/program files (x86)/emblocks/2.30/share/em_armgcc/bin/../lib/gcc/arm-none-eabi/4.7.3/../../../../arm-none-eabi/lib/armv6-m\libc_n.a(lib_a-memset.o)
 .ARM.attributes
                0x000001f4       0x2c c:/program files (x86)/emblocks/2.30/share/em_armgcc/bin/../lib/gcc/arm-none-eabi/4.7.3/../../../../arm-none-eabi/lib/armv6-m\libnosys.a(_exit.o)
 .ARM.attributes
                0x00000220       0x2c c:/program files (x86)/emblocks/2.30/share/em_armgcc/bin/../lib/gcc/arm-none-eabi/4.7.3/armv6-m/crtend.o
 .ARM.attributes
                0x0000024c       0x1e c:/program files (x86)/emblocks/2.30/share/em_armgcc/bin/../lib/gcc/arm-none-eabi/4.7.3/armv6-m/crtn.o

.comment        0x00000000       0x38
 .comment       0x00000000       0x38 obj\debug\spl\src\stm32f0xx_gpio.o
                                 0x39 (size before relaxing)
 .comment       0x00000000       0x39 obj\debug\spl\src\stm32f0xx_rcc.o
 .comment       0x00000000       0x39 obj\debug\src\main.o
 .comment       0x00000000       0x39 obj\debug\src\system_stm32f0xx.o

.debug_info     0x00000000     0x1813
 .debug_info    0x00000000      0x642 obj\debug\spl\src\stm32f0xx_gpio.o
 .debug_info    0x00000642      0xb23 obj\debug\spl\src\stm32f0xx_rcc.o
 .debug_info    0x00001165      0x312 obj\debug\src\main.o
 .debug_info    0x00001477       0x63 obj\debug\src\startup_stm32f0xx.o
 .debug_info    0x000014da      0x339 obj\debug\src\system_stm32f0xx.o

.debug_abbrev   0x00000000      0x611
 .debug_abbrev  0x00000000      0x1a2 obj\debug\spl\src\stm32f0xx_gpio.o
 .debug_abbrev  0x000001a2      0x1f3 obj\debug\spl\src\stm32f0xx_rcc.o
 .debug_abbrev  0x00000395      0x12d obj\debug\src\main.o
 .debug_abbrev  0x000004c2       0x14 obj\debug\src\startup_stm32f0xx.o
 .debug_abbrev  0x000004d6      0x13b obj\debug\src\system_stm32f0xx.o

.debug_loc      0x00000000      0xcb8
 .debug_loc     0x00000000      0x2d8 obj\debug\spl\src\stm32f0xx_gpio.o
 .debug_loc     0x000002d8      0x8d4 obj\debug\spl\src\stm32f0xx_rcc.o
 .debug_loc     0x00000bac       0x70 obj\debug\src\main.o
 .debug_loc     0x00000c1c       0x9c obj\debug\src\system_stm32f0xx.o

.debug_aranges  0x00000000      0x258
 .debug_aranges
                0x00000000       0x80 obj\debug\spl\src\stm32f0xx_gpio.o
 .debug_aranges
                0x00000080      0x160 obj\debug\spl\src\stm32f0xx_rcc.o
 .debug_aranges
                0x000001e0       0x28 obj\debug\src\main.o
 .debug_aranges
                0x00000208       0x20 obj\debug\src\startup_stm32f0xx.o
 .debug_aranges
                0x00000228       0x30 obj\debug\src\system_stm32f0xx.o

.debug_ranges   0x00000000      0x1f8
 .debug_ranges  0x00000000       0x70 obj\debug\spl\src\stm32f0xx_gpio.o
 .debug_ranges  0x00000070      0x150 obj\debug\spl\src\stm32f0xx_rcc.o
 .debug_ranges  0x000001c0       0x18 obj\debug\src\main.o
 .debug_ranges  0x000001d8       0x20 obj\debug\src\system_stm32f0xx.o

.debug_macro    0x00000000      0xc2e
 .debug_macro   0x00000000      0x172 obj\debug\spl\src\stm32f0xx_gpio.o
 .debug_macro   0x00000172      0x17f obj\debug\spl\src\stm32f0xx_gpio.o
 .debug_macro   0x000002f1      0x190 obj\debug\spl\src\stm32f0xx_rcc.o
 .debug_macro   0x00000481      0x4dd obj\debug\spl\src\stm32f0xx_rcc.o
 .debug_macro   0x0000095e      0x168 obj\debug\src\main.o
 .debug_macro   0x00000ac6      0x168 obj\debug\src\system_stm32f0xx.o

.debug_line     0x00000000     0x1872
 .debug_line    0x00000000      0x5cb obj\debug\spl\src\stm32f0xx_gpio.o
 .debug_line    0x000005cb      0x825 obj\debug\spl\src\stm32f0xx_rcc.o
 .debug_line    0x00000df0      0x4d9 obj\debug\src\main.o
 .debug_line    0x000012c9       0x99 obj\debug\src\startup_stm32f0xx.o
 .debug_line    0x00001362      0x510 obj\debug\src\system_stm32f0xx.o

.debug_str      0x00000000    0x3f602
 .debug_str     0x00000000    0x3ef02 obj\debug\spl\src\stm32f0xx_gpio.o
                              0x3f09a (size before relaxing)
 .debug_str     0x0003ef02      0x65e obj\debug\spl\src\stm32f0xx_rcc.o
                              0x3f446 (size before relaxing)
 .debug_str     0x0003f560       0x2a obj\debug\src\main.o
                              0x3ef46 (size before relaxing)
 .debug_str     0x0003f58a       0x78 obj\debug\src\system_stm32f0xx.o
                              0x3eea1 (size before relaxing)

.debug_frame    0x00000000      0x834
 .debug_frame   0x00000000      0x1b0 obj\debug\spl\src\stm32f0xx_gpio.o
 .debug_frame   0x000001b0      0x524 obj\debug\spl\src\stm32f0xx_rcc.o
 .debug_frame   0x000006d4       0x50 obj\debug\src\main.o
 .debug_frame   0x00000724       0x6c obj\debug\src\system_stm32f0xx.o
 .debug_frame   0x00000790       0x28 c:/program files (x86)/emblocks/2.30/share/em_armgcc/bin/../lib/gcc/arm-none-eabi/4.7.3/../../../../arm-none-eabi/lib/armv6-m\libc_n.a(lib_a-exit.o)
 .debug_frame   0x000007b8       0x2c c:/program files (x86)/emblocks/2.30/share/em_armgcc/bin/../lib/gcc/arm-none-eabi/4.7.3/../../../../arm-none-eabi/lib/armv6-m\libc_n.a(lib_a-init.o)
 .debug_frame   0x000007e4       0x28 c:/program files (x86)/emblocks/2.30/share/em_armgcc/bin/../lib/gcc/arm-none-eabi/4.7.3/../../../../arm-none-eabi/lib/armv6-m\libc_n.a(lib_a-memset.o)
 .debug_frame   0x0000080c       0x28 c:/program files (x86)/emblocks/2.30/share/em_armgcc/bin/../lib/gcc/arm-none-eabi/4.7.3/../../../../arm-none-eabi/lib/armv6-m\libnosys.a(_exit.o)
